<html>
<body>
<pre>
<h1>µVision Build Log</h1>
<h2>Tool Versions:</h2>
IDE-Version: ¦ÌVision V5.20.0.0
Copyright (C) 2016 ARM Ltd and ARM Germany GmbH. All rights reserved.
License Information: ziqiang zuo, freefly, LIC=50D56-DVJE7-34CST-RVV10-4XURF-7GUIG
 
Tool Versions:
Toolchain:       MDK-ARM Professional  Version: 5.20
Toolchain Path:  C:\Keil_v5\ARM\ARMCC\Bin
C Compiler:      Armcc.exe V5.06 update 2 (build 183)
Assembler:       Armasm.exe V5.06 update 2 (build 183)
Linker/Locator:  ArmLink.exe V5.06 update 2 (build 183)
Library Manager: ArmAr.exe V5.06 update 2 (build 183)
Hex Converter:   FromElf.exe V5.06 update 2 (build 183)
CPU DLL:         SARMCM3.DLL V5.20
Dialog DLL:      DCM.DLL V1.13.7.0
Target DLL:      STLink\ST-LINKIII-KEIL_SWO.dll V2.0.18.0
Dialog DLL:      TCM.DLL V1.14.9.0
 
<h2>Project:</h2>
E:\embedded\stm32\projects\TalkingBall\TBall\STM32Cube_FW_F1_V1.4.0\Projects\STM3210E_EVAL\Examples\I2C\I2C_TwoBoards_ComPolling\MDK-ARM\Project.uvprojx
Project File Date:  07/17/2016

<h2>Output:</h2>
*** Using Compiler 'V5.06 update 2 (build 183)', folder: 'C:\Keil_v5\ARM\ARMCC\Bin'
Rebuild target 'STM3210E_TBall'
compiling system_stm32f1xx.c...
compiling main.c...
../Src/main.c(75): warning:  #177-D: variable "sx" was declared but never referenced
      short sx,sy,sz;
../Src/main.c(75): warning:  #177-D: variable "sy" was declared but never referenced
      short sx,sy,sz;
../Src/main.c(75): warning:  #177-D: variable "sz" was declared but never referenced
      short sx,sy,sz;
../Src/main.c(76): warning:  #177-D: variable "regVal" was declared but never referenced
      unsigned char regVal;
../Src/main.c(77): warning:  #177-D: variable "regVals" was declared but never referenced
      unsigned char regVals[29]; //0x1D~0x39
../Src/main.c: 5 warnings, 0 errors
compiling stm32f1xx_hal_msp.c...
compiling stm32f1xx_it.c...
compiling stm3210e_eval.c...
assembling startup_stm32f103xg.s...
compiling stm32f1xx_hal_uart.c...
compiling stm32f1xx_hal_rcc.c...
compiling stm32f1xx_hal_rcc_ex.c...
compiling stm32f1xx_hal_cortex.c...
compiling stm32f1xx_hal.c...
compiling stm32f1xx_hal_gpio.c...
compiling stm32f1xx_hal_i2c.c...
compiling stm32f1xx_hal_dma.c...
compiling ADXL345.c...
linking...
Program Size: Code=11308 RO-data=496 RW-data=112 ZI-data=1152  
FromELF: creating hex file...
"STM3210E_EVAL\STM3210E_EVAL.axf" - 0 Error(s), 5 Warning(s).

<h2>Software Packages used:</h2>

Package Vendor: ARM
                http://www.keil.com/pack/ARM.CMSIS.4.5.0.pack
                ARM::CMSIS:CORE:4.3.0
                CMSIS (Cortex Microcontroller Software Interface Standard)
   * Component: CORE Version: 4.3.0

<h2>Collection of Component include folders:</h2>
  E:\embedded\stm32\projects\TalkingBall\TBall\STM32Cube_FW_F1_V1.4.0\Projects\STM3210E_EVAL\Examples\I2C\I2C_TwoBoards_ComPolling\MDK-ARM\RTE
  C:\Keil_v5\ARM\PACK\ARM\CMSIS\4.5.0\CMSIS\Include
  C:\Keil_v5\ARM\PACK\Keil\STM32F1xx_DFP\2.1.0\Device\Include

<h2>Collection of Component Files used:</h2>

   * Component: ARM::CMSIS:CORE:4.3.0
Build Time Elapsed:  00:00:38
</pre>
</body>
</html>
